\BOOKMARK [0][-]{chapter*.2}{\376\377\000T\000\363\000m\000\040\000t\036\257\000t}{}% 1
\BOOKMARK [0][-]{chapter*.3}{\376\377\001\020\036\267\000t\000\040\000v\036\245\000n\000\040\001\021\036\301}{}% 2
\BOOKMARK [0][-]{chapter.1}{\376\377\000C\001\240\000\040\000S\036\336\000\040\000L\000\335\000\040\000T\000H\000U\000Y\036\276\000T}{}% 3
\BOOKMARK [1][-]{section.1.1}{\376\377\000T\036\325\000n\000g\000\040\000q\000u\000a\000n\000\040\000v\036\301\000\040\000h\036\315\000c\000\040\000m\000\341\000y\000\040\000\050\000M\000a\000c\000h\000i\000n\000e\000\040\000L\000e\000a\000r\000n\000i\000n\000g\000\051}{chapter.1}% 4
\BOOKMARK [2][-]{subsection.1.1.1}{\376\377\000K\000h\000\341\000i\000\040\000n\000i\036\307\000m}{section.1.1}% 5
\BOOKMARK [2][-]{subsection.1.1.2}{\376\377\000P\000h\000\342\000n\000\040\000l\000o\036\241\000i\000\040\000c\000\341\000c\000\040\000b\000\340\000i\000\040\000t\000o\000\341\000n\000\040\000h\036\315\000c\000\040\000m\000\341\000y}{section.1.1}% 6
\BOOKMARK [2][-]{subsection.1.1.3}{\376\377\000B\000\340\000i\000\040\000t\000o\000\341\000n\000\040\000h\036\323\000i\000\040\000q\000u\000y\000\040\000c\000h\000u\036\327\000i\000\040\000t\000h\036\335\000i\000\040\000g\000i\000a\000n}{section.1.1}% 7
\BOOKMARK [1][-]{section.1.2}{\376\377\000B\000\340\000i\000\040\000t\000o\000\341\000n\000\040\000d\036\361\000\040\000b\000\341\000o\000\040\000c\000h\000u\036\327\000i\000\040\000t\000h\036\335\000i\000\040\000g\000i\000a\000n\000\040\000\050\000T\000i\000m\000e\000\040\000S\000e\000r\000i\000e\000s\000\040\000F\000o\000r\000e\000c\000a\000s\000t\000i\000n\000g\000\051}{chapter.1}% 8
\BOOKMARK [2][-]{subsection.1.2.1}{\376\377\001\020\036\313\000n\000h\000\040\000n\000g\000h\001\051\000a}{section.1.2}% 9
\BOOKMARK [2][-]{subsection.1.2.2}{\376\377\000C\000\341\000c\000\040\000t\000h\000\340\000n\000h\000\040\000p\000h\036\247\000n\000\040\000c\036\347\000a\000\040\000c\000h\000u\036\327\000i\000\040\000t\000h\036\335\000i\000\040\000g\000i\000a\000n}{section.1.2}% 10
\BOOKMARK [2][-]{subsection.1.2.3}{\376\377\000C\000\341\000c\000\040\000p\000h\001\260\001\241\000n\000g\000\040\000p\000h\000\341\000p\000\040\000d\036\361\000\040\000b\000\341\000o\000\040\000t\000r\000u\000y\036\301\000n\000\040\000t\000h\036\321\000n\000g}{section.1.2}% 11
\BOOKMARK [2][-]{subsection.1.2.4}{\376\377\000H\036\315\000c\000\040\000m\000\341\000y\000\040\000t\000r\000o\000n\000g\000\040\000d\036\361\000\040\000b\000\341\000o\000\040\000c\000h\000u\036\327\000i\000\040\000t\000h\036\335\000i\000\040\000g\000i\000a\000n}{section.1.2}% 12
\BOOKMARK [1][-]{section.1.3}{\376\377\000C\000\341\000c\000\040\000m\000\364\000\040\000h\000\354\000n\000h\000\040\000h\036\315\000c\000\040\000m\000\341\000y\000\040\000s\036\355\000\040\000d\036\345\000n\000g\000\040\000t\000r\000o\000n\000g\000\040\000d\036\361\000\040\000b\000\341\000o}{chapter.1}% 13
\BOOKMARK [2][-]{subsection.1.3.1}{\376\377\000M\000\364\000\040\000h\000\354\000n\000h\000\040\000c\000\342\000y\000\040\000t\001\003\000n\000g\000\040\000c\001\260\036\335\000n\000g\000\040\000G\000r\000a\000d\000i\000e\000n\000t\000\040\000\050\000G\000B\000D\000T\000\051}{section.1.3}% 14
\BOOKMARK [2][-]{subsection.1.3.2}{\376\377\000T\000h\000u\036\255\000t\000\040\000t\000o\000\341\000n\000\040\000p\000h\000\342\000n\000\040\000c\036\345\000m\000\040\000\050\000K\000-\000M\000e\000a\000n\000s\000\051}{section.1.3}% 15
\BOOKMARK [2][-]{subsection.1.3.3}{\376\377\000M\000\364\000\040\000h\000\354\000n\000h\000\040\000h\000\363\000a\000\040\001\021\000a\000\040\000c\036\245\000p\000:\000\040\001\021\000\341\000n\000h\000\040\001\021\036\325\000i\000\040\001\021\036\331\000\040\000l\036\307\000c\000h\000\040\040\023\000\040\000p\000h\001\260\001\241\000n\000g\000\040\000s\000a\000i}{section.1.3}% 16
\BOOKMARK [2][-]{subsection.1.3.4}{\376\377\000K\000i\036\277\000n\000\040\000t\000r\000\372\000c\000\040\000T\000r\000a\000n\000s\000f\000o\000r\000m\000e\000r\000\040\000v\000\340\000\040\000L\000L\000M\000\040\000A\000g\000e\000n\000t}{section.1.3}% 17
\BOOKMARK [2][-]{subsection.1.3.5}{\376\377\000C\000h\036\311\000\040\000s\036\321\000\040\001\021\000\341\000n\000h\000\040\000g\000i\000\341\000\040\000m\000\364\000\040\000h\000\354\000n\000h\000\040\000d\036\361\000\040\000b\000\341\000o}{section.1.3}% 18
\BOOKMARK [1][-]{section.1.4}{\376\377\000N\036\301\000n\000\040\000t\036\243\000n\000g\000\040\000w\000e\000b\000\040\000v\000\340\000\040\000k\000i\036\277\000n\000\040\000t\000r\000\372\000c\000\040\000h\036\307\000\040\000t\000h\036\321\000n\000g\000\040\000h\036\327\000\040\000t\000r\036\343\000\040\000r\000a\000\040\000q\000u\000y\036\277\000t\000\040\001\021\036\313\000n\000h}{chapter.1}% 19
\BOOKMARK [2][-]{subsection.1.4.1}{\376\377\000H\036\307\000\040\000t\000h\036\321\000n\000g\000\040\000h\036\327\000\040\000t\000r\036\343\000\040\000r\000a\000\040\000q\000u\000y\036\277\000t\000\040\001\021\036\313\000n\000h\000\040\000\050\000D\000S\000S\000\051}{section.1.4}% 20
\BOOKMARK [2][-]{subsection.1.4.2}{\376\377\000K\000i\036\277\000n\000\040\000t\000r\000\372\000c\000\040\036\351\000n\000g\000\040\000d\036\345\000n\000g\000\040\000w\000e\000b\000\040\000h\000i\036\307\000n\000\040\001\021\036\241\000i}{section.1.4}% 21
\BOOKMARK [1][-]{section.1.5}{\376\377\000T\036\325\000n\000g\000\040\000q\000u\000a\000n\000\040\000t\036\255\000p\000\040\000d\036\357\000\040\000l\000i\036\307\000u\000\040\000F\000a\000v\000o\000r\000i\000t\000a\000\040\000G\000r\000o\000c\000e\000r\000y\000\040\000S\000a\000l\000e\000s\000\040\000F\000o\000r\000e\000c\000a\000s\000t\000i\000n\000g}{chapter.1}% 22
\BOOKMARK [0][-]{chapter.2}{\376\377\000P\000H\000\302\000N\000\040\000T\000\315\000C\000H\000\040\000V\000\300\000\040\000T\000H\000I\036\276\000T\000\040\000K\036\276\000\040\000H\036\306\000\040\000T\000H\036\320\000N\000G}{}% 23
\BOOKMARK [1][-]{section.2.1}{\376\377\000P\000h\000\342\000n\000\040\000t\000\355\000c\000h\000\040\000y\000\352\000u\000\040\000c\036\247\000u\000\040\000h\036\307\000\040\000t\000h\036\321\000n\000g}{chapter.2}% 24
\BOOKMARK [2][-]{subsection.2.1.1}{\376\377\000K\000h\036\243\000o\000\040\000s\000\341\000t\000\040\000b\000\340\000i\000\040\000t\000o\000\341\000n\000\040\000t\000h\036\361\000c\000\040\000t\036\277}{section.2.1}% 25
\BOOKMARK [2][-]{subsection.2.1.2}{\376\377\000X\000\341\000c\000\040\001\021\036\313\000n\000h\000\040\001\021\036\321\000i\000\040\000t\001\260\036\343\000n\000g\000\040\000n\000g\001\260\036\335\000i\000\040\000d\000\371\000n\000g\000\040\000\050\000U\000s\000e\000r\000\040\000R\000o\000l\000e\000s\000\040\000\046\000\040\000P\000e\000r\000s\000o\000n\000a\000s\000\051}{section.2.1}% 26
\BOOKMARK [2][-]{subsection.2.1.3}{\376\377\000Y\000\352\000u\000\040\000c\036\247\000u\000\040\000k\036\371\000\040\000t\000h\000u\036\255\000t\000\040\000v\000\340\000\040\000r\000\340\000n\000g\000\040\000b\000u\036\331\000c\000\040\000v\036\255\000n\000\040\000h\000\340\000n\000h}{section.2.1}% 27
\BOOKMARK [1][-]{section.2.2}{\376\377\000K\000i\036\277\000n\000\040\000t\000r\000\372\000c\000\040\000t\036\325\000n\000g\000\040\000t\000h\036\303\000\040\000h\036\307\000\040\000t\000h\036\321\000n\000g}{chapter.2}% 28
\BOOKMARK [1][-]{section.2.3}{\376\377\000T\000h\000i\036\277\000t\000\040\000k\036\277\000\040\000p\000i\000p\000e\000l\000i\000n\000e\000\040\000d\036\357\000\040\000l\000i\036\307\000u\000\040\000v\000\340\000\040\000h\000u\036\245\000n\000\040\000l\000u\000y\036\307\000n\000\040\000m\000\364\000\040\000h\000\354\000n\000h}{chapter.2}% 29
\BOOKMARK [1][-]{section.2.4}{\376\377\000T\000h\000i\036\277\000t\000\040\000k\036\277\000\040\000t\000r\036\343\000\040\000l\000\375\000\040\000A\000I\000\040\000t\000h\000\364\000n\000g\000\040\000m\000i\000n\000h\000\040\000\050\000L\000L\000M\000\040\000A\000g\000e\000n\000t\000\051}{chapter.2}% 30
\BOOKMARK [2][-]{subsection.2.4.1}{\376\377\000B\036\331\000\040\000c\000\364\000n\000g\000\040\000c\036\345\000\040\000v\000\340\000\040\000t\000o\000\341\000n\000\040\000h\036\315\000c\000\040\000c\000h\000u\036\327\000i\000\040\000c\000u\000n\000g\000\040\036\351\000n\000g}{section.2.4}% 31
\BOOKMARK [2][-]{subsection.2.4.2}{\376\377\000R\000\340\000n\000g\000\040\000b\000u\036\331\000c\000\040\000a\000n\000\040\000t\000o\000\340\000n\000\040\000c\036\347\000a\000\040\000t\000\341\000c\000\040\000t\036\355}{section.2.4}% 32
\BOOKMARK [1][-]{section.2.5}{\376\377\000T\000h\000i\036\277\000t\000\040\000k\036\277\000\040\000c\001\241\000\040\000s\036\337\000\040\000d\036\357\000\040\000l\000i\036\307\000u}{chapter.2}% 33
\BOOKMARK [2][-]{subsection.2.5.1}{\376\377\000M\000\364\000\040\000h\000\354\000n\000h\000\040\000t\000h\036\361\000c\000\040\000t\000h\036\303\000\040\040\023\000\040\000q\000u\000a\000n\000\040\000h\036\307\000\040\000\050\000E\000R\000D\000\051}{section.2.5}% 34
\BOOKMARK [2][-]{subsection.2.5.2}{\376\377\000M\000\364\000\040\000t\036\243\000\040\000c\000\341\000c\000\040\000t\000h\036\361\000c\000\040\000t\000h\036\303\000\040\000v\000\340\000\040\000t\000h\000u\036\331\000c\000\040\000t\000\355\000n\000h}{section.2.5}% 35
\BOOKMARK [2][-]{subsection.2.5.3}{\376\377\000T\036\321\000i\000\040\001\260\000u\000\040\000h\000\363\000a\000\040\000c\001\241\000\040\000s\036\337\000\040\000d\036\357\000\040\000l\000i\036\307\000u}{section.2.5}% 36
\BOOKMARK [1][-]{section.2.6}{\376\377\000T\000h\000i\036\277\000t\000\040\000k\036\277\000\040\000g\000i\000a\000o\000\040\000d\000i\036\307\000n\000\040\000n\000g\001\260\036\335\000i\000\040\000d\000\371\000n\000g\000\040\000\050\000U\000I\000/\000U\000X\000\051}{chapter.2}% 37
\BOOKMARK [2][-]{subsection.2.6.1}{\376\377\000S\001\241\000\040\001\021\036\323\000\040\000l\000u\036\323\000n\000g\000\040\000m\000\340\000n\000\040\000h\000\354\000n\000h}{section.2.6}% 38
\BOOKMARK [2][-]{subsection.2.6.2}{\376\377\000T\000h\000i\036\277\000t\000\040\000k\036\277\000\040\000d\000a\000s\000h\000b\000o\000a\000r\000d\000\040\000t\000r\036\361\000c\000\040\000q\000u\000a\000n\000\040\000h\000\363\000a\000\040\000d\036\361\000\040\000b\000\341\000o}{section.2.6}% 39
\BOOKMARK [2][-]{subsection.2.6.3}{\376\377\000T\000h\000i\036\277\000t\000\040\000k\036\277\000\040\000c\000h\036\351\000c\000\040\000n\001\003\000n\000g\000\040\000h\036\327\000\040\000t\000r\036\343\000\040\000r\000a\000\040\000q\000u\000y\036\277\000t\000\040\001\021\036\313\000n\000h}{section.2.6}% 40
\BOOKMARK [1][-]{section.2.7}{\376\377\000T\000h\000i\036\277\000t\000\040\000k\036\277\000\040\000b\036\243\000o\000\040\000m\036\255\000t\000\040\000v\000\340\000\040\000p\000h\000\342\000n\000\040\000q\000u\000y\036\301\000n}{chapter.2}% 41
\BOOKMARK [2][-]{subsection.2.7.1}{\376\377\000C\001\241\000\040\000c\000h\036\277\000\040\000x\000\341\000c\000\040\000t\000h\036\361\000c}{section.2.7}% 42
\BOOKMARK [2][-]{subsection.2.7.2}{\376\377\000P\000h\000\342\000n\000\040\000q\000u\000y\036\301\000n\000\040\000t\000h\000e\000o\000\040\000v\000a\000i\000\040\000t\000r\000\362\000\040\000\050\000R\000B\000A\000C\000\051\000\040\000v\000\340\000\040\000t\000h\000e\000o\000\040\000t\000e\000n\000a\000n\000t}{section.2.7}% 43
\BOOKMARK [2][-]{subsection.2.7.3}{\376\377\001\020\036\243\000m\000\040\000b\036\243\000o\000\040\000c\000\341\000c\000h\000\040\000l\000y\000\040\000d\036\357\000\040\000l\000i\036\307\000u\000\040\000g\000i\036\357\000a\000\040\000c\000\341\000c\000\040\000t\000e\000n\000a\000n\000t}{section.2.7}% 44
\BOOKMARK [0][-]{chapter.3}{\376\377\000H\000U\036\244\000N\000\040\000L\000U\000Y\036\306\000N\000\040\000M\000\324\000\040\000H\000\314\000N\000H\000\040\000V\000\300\000\040\000T\000\315\000C\000H\000\040\000H\036\342\000P\000\040\000H\036\306\000\040\000T\000H\036\320\000N\000G}{}% 45
\BOOKMARK [1][-]{section.3.1}{\376\377\000M\000\364\000i\000\040\000t\000r\001\260\036\335\000n\000g\000\040\000v\000\340\000\040\000c\000\364\000n\000g\000\040\000c\036\345\000\040\000h\000u\036\245\000n\000\040\000l\000u\000y\036\307\000n}{chapter.3}% 46
\BOOKMARK [1][-]{section.3.2}{\376\377\000N\036\241\000p\000\040\000v\000\340\000\040\000l\000\340\000m\000\040\000s\036\241\000c\000h\000\040\000d\036\357\000\040\000l\000i\036\307\000u}{chapter.3}% 47
\BOOKMARK [2][-]{subsection.3.2.1}{\376\377\000T\036\321\000i\000\040\001\260\000u\000\040\000h\000\363\000a\000\040\000v\000i\036\307\000c\000\040\000n\036\241\000p\000\040\000d\036\357\000\040\000l\000i\036\307\000u\000\040\000t\000h\000\364\000\040\000\050\000S\000t\000r\000e\000a\000m\000i\000n\000g\000\040\000I\000n\000g\000e\000s\000t\000i\000o\000n\000\051}{section.3.2}% 48
\BOOKMARK [2][-]{subsection.3.2.2}{\376\377\000L\000\340\000m\000\040\000s\036\241\000c\000h\000\040\000v\000\340\000\040\000X\036\355\000\040\000l\000\375\000\040\000g\000i\000\341\000\040\000t\000r\036\313\000\040\000b\036\245\000t\000\040\000t\000h\001\260\036\335\000n\000g\000\040\000\050\000D\000a\000t\000a\000\040\000C\000l\000e\000a\000n\000i\000n\000g\000\051}{section.3.2}% 49
\BOOKMARK [2][-]{subsection.3.2.3}{\376\377\000M\000\364\000\040\000p\000h\036\317\000n\000g\000\040\000d\036\357\000\040\000l\000i\036\307\000u\000\040\000t\036\323\000n\000\040\000k\000h\000o\000\040\000\050\000I\000n\000v\000e\000n\000t\000o\000r\000y\000\040\000S\000i\000m\000u\000l\000a\000t\000i\000o\000n\000\051}{section.3.2}% 50
\BOOKMARK [2][-]{subsection.3.2.4}{\376\377\000K\036\371\000\040\000t\000h\000u\036\255\000t\000\040\000g\000h\000i\000\040\000v\000\340\000o\000\040\000C\001\241\000\040\000s\036\337\000\040\000d\036\357\000\040\000l\000i\036\307\000u\000\040\000\050\000D\000a\000t\000a\000b\000a\000s\000e\000\040\000L\000o\000a\000d\000i\000n\000g\000\051}{section.3.2}% 51
\BOOKMARK [1][-]{section.3.3}{\376\377\000F\000e\000a\000t\000u\000r\000e\000\040\000E\000n\000g\000i\000n\000e\000e\000r\000i\000n\000g\000\040\000\050\000K\036\371\000\040\000t\000h\000u\036\255\000t\000\040\001\021\036\267\000c\000\040\000t\000r\001\260\000n\000g\000\051}{chapter.3}% 52
\BOOKMARK [2][-]{subsection.3.3.1}{\376\377\000T\036\241\000o\000\040\000l\036\255\000p\000\040\001\020\036\267\000c\000\040\000t\000r\001\260\000n\000g\000\040\000c\000h\000u\036\327\000i\000\040\000t\000h\036\335\000i\000\040\000g\000i\000a\000n\000\040\000\050\000P\000a\000n\000d\000a\000s\000\040\000D\000e\000t\000e\000r\000m\000i\000n\000i\000s\000t\000i\000c\000\040\000F\000e\000a\000t\000u\000r\000e\000s\000\051}{section.3.3}% 53
\BOOKMARK [2][-]{subsection.3.3.2}{\376\377\000K\036\371\000\040\000t\000h\000u\036\255\000t\000\040\000T\000a\000r\000g\000e\000t\000\040\000E\000n\000c\000o\000d\000i\000n\000g\000\040\000v\000\340\000\040\000T\001\260\001\241\000n\000g\000\040\000t\000\341\000c\000\040\000C\036\345\000m\000\040\000c\036\355\000a\000\040\000h\000\340\000n\000g\000\040\000\050\000C\000l\000u\000s\000t\000e\000r\000\040\000F\000e\000a\000t\000u\000r\000e\000s\000\051}{section.3.3}% 54
\BOOKMARK [2][-]{subsection.3.3.3}{\376\377\000M\000\343\000\040\000h\000\363\000a\000\040\000B\000i\036\277\000n\000\040\000P\000h\000\342\000n\000\040\000l\000o\036\241\000i\000\040\000v\000\340\000\040\000X\036\355\000\040\000l\000\375\000\040\000T\000h\000i\036\277\000u\000\040\000d\036\357\000\040\000l\000i\036\307\000u\000\040\000\050\000S\000c\000i\000k\000i\000t\000-\000l\000e\000a\000r\000n\000\040\000P\000i\000p\000e\000l\000i\000n\000e\000\051}{section.3.3}% 55
\BOOKMARK [2][-]{subsection.3.3.4}{\376\377\000B\000i\036\277\000n\000\040\001\021\036\325\000i\000\040\000B\000i\036\277\000n\000\040\000M\036\345\000c\000\040\000t\000i\000\352\000u\000\040\000\050\000T\000a\000r\000g\000e\000t\000\040\000T\000r\000a\000n\000s\000f\000o\000r\000m\000a\000t\000i\000o\000n\000\051}{section.3.3}% 56
\BOOKMARK [1][-]{section.3.4}{\376\377\000H\000u\036\245\000n\000\040\000l\000u\000y\036\307\000n\000\040\000M\000\364\000\040\000h\000\354\000n\000h\000\040\000v\000\340\000\040\000T\000\355\000c\000h\000\040\000h\036\343\000p\000\040\000H\036\307\000\040\000t\000h\036\321\000n\000g}{chapter.3}% 57
\BOOKMARK [2][-]{subsection.3.4.1}{\376\377\000H\000u\036\245\000n\000\040\000l\000u\000y\036\307\000n\000\040\000G\000l\000o\000b\000a\000l\000\040\000E\000n\000s\000e\000m\000b\000l\000e\000\040\000\050\000L\000i\000g\000h\000t\000G\000B\000M\000\040\000+\000\040\000C\000a\000t\000B\000o\000o\000s\000t\000\051}{section.3.4}% 58
\BOOKMARK [2][-]{subsection.3.4.2}{\376\377\000H\000u\036\245\000n\000\040\000l\000u\000y\036\307\000n\000\040\0003\0003\000\040\000L\000o\000c\000a\000l\000\040\000M\000o\000d\000e\000l\000s}{section.3.4}% 59
\BOOKMARK [2][-]{subsection.3.4.3}{\376\377\000D\036\361\000\040\000b\000\341\000o\000\040\001\021\036\307\000\040\000q\000u\000y\000\040\0001\0006\000\040\000n\000g\000\340\000y\000\040\000v\000\340\000\040\000S\000m\000a\000r\000t\000\040\000R\000o\000u\000t\000i\000n\000g}{section.3.4}% 60
\BOOKMARK [2][-]{subsection.3.4.4}{\376\377\000C\000h\000u\036\251\000n\000\040\000b\036\313\000\040\000s\000u\000b\000m\000i\000s\000s\000i\000o\000n\000\040\000K\000a\000g\000g\000l\000e}{section.3.4}% 61
\BOOKMARK [1][-]{section.3.5}{\376\377\000K\000h\036\337\000i\000\040\000t\036\241\000o\000\040\000c\001\241\000\040\000s\036\337\000\040\000d\036\357\000\040\000l\000i\036\307\000u\000\040\000v\000\340\000\040\000t\000\355\000c\000h\000\040\000h\036\343\000p\000\040\000t\000r\000i\036\303\000n\000\040\000k\000h\000a\000i}{chapter.3}% 62
\BOOKMARK [2][-]{subsection.3.5.1}{\376\377\000S\000c\000r\000i\000p\000t\000\040\000k\000h\036\337\000i\000\040\000t\036\241\000o}{section.3.5}% 63
\BOOKMARK [2][-]{subsection.3.5.2}{\376\377\000D\000o\000c\000k\000e\000r\000\040\000C\000o\000m\000p\000o\000s\000e\000\040\000d\000e\000p\000l\000o\000y\000m\000e\000n\000t}{section.3.5}% 64
\BOOKMARK [2][-]{subsection.3.5.3}{\376\377\000V\036\255\000n\000\040\000h\000\340\000n\000h}{section.3.5}% 65
\BOOKMARK [0][-]{chapter.4}{\376\377\000K\036\276\000T\000\040\000Q\000U\036\242\000,\000\040\000K\000I\036\302\000M\000\040\000T\000H\036\354\000\040\000V\000\300\000\040\001\020\000\301\000N\000H\000\040\000G\000I\000\301\000\040\000H\036\306\000\040\000T\000H\036\320\000N\000G}{}% 66
\BOOKMARK [1][-]{section.4.1}{\376\377\000K\036\277\000t\000\040\000q\000u\036\243\000\040\000h\000u\036\245\000n\000\040\000l\000u\000y\036\307\000n\000\040\000m\000\364\000\040\000h\000\354\000n\000h\000\040\000\050\000V\000a\000l\000i\000d\000a\000t\000i\000o\000n\000\040\000n\036\331\000i\000\040\000b\036\331\000\051}{chapter.4}% 67
\BOOKMARK [2][-]{subsection.4.1.1}{\376\377\000G\000l\000o\000b\000a\000l\000\040\000E\000n\000s\000e\000m\000b\000l\000e\000\040\040\024\000\040\000K\000i\036\303\000m\000\040\001\021\036\313\000n\000h\000\040\000W\000a\000l\000k\000-\000F\000o\000r\000w\000a\000r\000d}{section.4.1}% 68
\BOOKMARK [2][-]{subsection.4.1.2}{\376\377\000L\000o\000c\000a\000l\000\040\000M\000o\000d\000e\000l\000s\000\040\040\024\000\040\0003\0003\000\040\000n\000g\000\340\000n\000h\000\040\000h\000\340\000n\000g}{section.4.1}% 69
\BOOKMARK [2][-]{subsection.4.1.3}{\376\377\000P\000h\000\342\000n\000\040\000t\000\355\000c\000h\000\040\000k\036\277\000t\000\040\000q\000u\036\243\000\040\000v\000a\000l\000i\000d\000a\000t\000i\000o\000n}{section.4.1}% 70
\BOOKMARK [1][-]{section.4.2}{\376\377\000K\036\277\000t\000\040\000q\000u\036\243\000\040\000t\000r\000\352\000n\000\040\000K\000a\000g\000g\000l\000e\000\040\000L\000e\000a\000d\000e\000r\000b\000o\000a\000r\000d}{chapter.4}% 71
\BOOKMARK [2][-]{subsection.4.2.1}{\376\377\000K\036\277\000t\000\040\000q\000u\036\243\000\040\000s\000u\000b\000m\000i\000s\000s\000i\000o\000n\000\040\000t\000h\036\361\000c\000\040\000t\036\277}{section.4.2}% 72
\BOOKMARK [2][-]{subsection.4.2.2}{\376\377\000P\000h\000\342\000n\000\040\000t\000\355\000c\000h\000\040\000k\036\277\000t\000\040\000q\000u\036\243\000\040\000K\000a\000g\000g\000l\000e}{section.4.2}% 73
\BOOKMARK [2][-]{subsection.4.2.3}{\376\377\000S\000o\000\040\000s\000\341\000n\000h\000\040\000v\036\333\000i\000\040\000b\000a\000s\000e\000l\000i\000n\000e\000\040\000v\000\340\000\040\000t\000o\000p\000\040\000s\000o\000l\000u\000t\000i\000o\000n}{section.4.2}% 74
\BOOKMARK [2][-]{subsection.4.2.4}{\376\377\001\020\000\341\000n\000h\000\040\000g\000i\000\341\000\040\000v\036\313\000\040\000t\000r\000\355\000\040\000t\000r\000\352\000n\000\040\000l\000e\000a\000d\000e\000r\000b\000o\000a\000r\000d}{section.4.2}% 75
\BOOKMARK [1][-]{section.4.3}{\376\377\000K\000i\036\303\000m\000\040\000t\000h\036\355\000\040\000A\000P\000I\000\040\000E\000n\000d\000p\000o\000i\000n\000t\000s}{chapter.4}% 76
\BOOKMARK [1][-]{section.4.4}{\376\377\000K\000i\036\303\000m\000\040\000t\000h\036\355\000\040\000b\036\243\000o\000\040\000m\036\255\000t}{chapter.4}% 77
\BOOKMARK [1][-]{section.4.5}{\376\377\001\020\000\341\000n\000h\000\040\000g\000i\000\341\000\040\000T\000r\036\343\000\040\000l\000\375\000\040\000A\000I\000\040\000\050\000L\000L\000M\000\040\000A\000g\000e\000n\000t\000\051}{chapter.4}% 78
\BOOKMARK [2][-]{subsection.4.5.1}{\376\377\000C\000h\036\245\000t\000\040\000l\001\260\036\343\000n\000g\000\040\000h\036\331\000i\000\040\000t\000h\000o\036\241\000i}{section.4.5}% 79
\BOOKMARK [2][-]{subsection.4.5.2}{\376\377\000V\000\355\000\040\000d\036\345\000\040\000h\036\331\000i\000\040\000t\000h\000o\036\241\000i\000\040\000t\000h\036\361\000c\000\040\000t\036\277}{section.4.5}% 80
\BOOKMARK [1][-]{section.4.6}{\376\377\001\020\000\341\000n\000h\000\040\000g\000i\000\341\000\040\000h\000i\036\307\000u\000\040\000n\001\003\000n\000g\000\040\000t\036\325\000n\000g\000\040\000t\000h\036\303}{chapter.4}% 81
\BOOKMARK [0][-]{chapter.5}{\376\377\000K\036\276\000T\000\040\000L\000U\036\254\000N\000\040\000V\000\300\000\040\000H\001\257\036\332\000N\000G\000\040\000P\000H\000\301\000T\000\040\000T\000R\000I\036\302\000N}{}% 82
\BOOKMARK [1][-]{section.5.1}{\376\377\000T\036\325\000n\000g\000\040\000k\036\277\000t\000\040\000k\036\277\000t\000\040\000q\000u\036\243\000\040\001\021\036\241\000t\000\040\001\021\001\260\036\343\000c}{chapter.5}% 83
\BOOKMARK [2][-]{subsection.5.1.1}{\376\377\000K\036\277\000t\000\040\000q\000u\036\243\000\040\000v\036\301\000\040\000m\000\364\000\040\000h\000\354\000n\000h\000\040\000h\036\315\000c\000\040\000m\000\341\000y}{section.5.1}% 84
\BOOKMARK [2][-]{subsection.5.1.2}{\376\377\000K\036\277\000t\000\040\000q\000u\036\243\000\040\000v\036\301\000\040\000h\036\307\000\040\000t\000h\036\321\000n\000g\000\040\000w\000e\000b}{section.5.1}% 85
\BOOKMARK [1][-]{section.5.2}{\376\377\000H\036\241\000n\000\040\000c\000h\036\277\000\040\000c\036\347\000a\000\040\000h\036\307\000\040\000t\000h\036\321\000n\000g}{chapter.5}% 86
\BOOKMARK [1][-]{section.5.3}{\376\377\000H\001\260\036\333\000n\000g\000\040\000p\000h\000\341\000t\000\040\000t\000r\000i\036\303\000n\000\040\000t\001\260\001\241\000n\000g\000\040\000l\000a\000i}{chapter.5}% 87
\BOOKMARK [2][-]{subsection.5.3.1}{\376\377\000N\000g\036\257\000n\000\040\000h\036\241\000n\000\040\000\050\0003\040\023\0006\000\040\000t\000h\000\341\000n\000g\000\051}{section.5.3}% 88
\BOOKMARK [2][-]{subsection.5.3.2}{\376\377\000T\000r\000u\000n\000g\000\040\000h\036\241\000n\000\040\000\050\0006\040\023\0001\0002\000\040\000t\000h\000\341\000n\000g\000\051}{section.5.3}% 89
\BOOKMARK [2][-]{subsection.5.3.3}{\376\377\000D\000\340\000i\000\040\000h\036\241\000n\000\040\000\050\0001\040\023\0002\000\040\000n\001\003\000m\000\051}{section.5.3}% 90
\BOOKMARK [1][-]{section.5.4}{\376\377\000B\000\340\000i\000\040\000h\036\315\000c\000\040\000k\000i\000n\000h\000\040\000n\000g\000h\000i\036\307\000m}{chapter.5}% 91
\BOOKMARK [0][-]{chapter*.44}{\376\377\001\020\000\341\000n\000h\000\040\000g\000i\000\341\000\040\000v\000\340\000\040\000N\000h\036\255\000n\000\040\000x\000\351\000t}{}% 92
\BOOKMARK [0][-]{chapter*.45}{\376\377\000T\000\340\000i\000\040\000l\000i\036\307\000u\000\040\000t\000h\000a\000m\000\040\000k\000h\036\243\000o}{}% 93
