2026-08-13 01:34:48,622 [INFO] >>> Loading data...
2026-08-13 01:34:48,821 [INFO] >>> Engineering features...
2026-08-13 01:34:50,488 [WARNING] Data has only 592 days, expected ~730 days (2 years)
2026-08-13 01:34:50,488 [INFO] >>> Building preprocessor...
2026-08-13 01:34:50,494 [INFO] >>> Walk-forward config: 3 folds, val=28 days, min_train=365 days
2026-08-13 01:34:50,633 [INFO]     Train samples: 745,797 | Val samples: 42,977
2026-08-13 01:35:26,432 [INFO]     RMSLE: 0.36049 | MAE: 75.99 | Best iter: 2999
2026-08-13 01:35:26,580 [INFO]     Train samples: 788,774 | Val samples: 42,736
2026-08-13 01:36:01,955 [INFO]     RMSLE: 0.34848 | MAE: 71.61 | Best iter: 3000
2026-08-13 01:36:02,085 [INFO]     Train samples: 831,510 | Val samples: 42,542
2026-08-13 01:36:40,803 [INFO]     RMSLE: 0.37299 | MAE: 84.52 | Best iter: 2999
2026-08-13 01:36:40,803 [INFO] 
============================================================
2026-08-13 01:36:40,803 [INFO] WALK-FORWARD SUMMARY (2-Year Data)
2026-08-13 01:36:40,804 [INFO] ============================================================
2026-08-13 01:36:40,804 [INFO]   Fold 3: RMSLE=0.36049 | MAE=75.99 | BestIter=2999
2026-08-13 01:36:40,804 [INFO]   Fold 2: RMSLE=0.34848 | MAE=71.61 | BestIter=3000
2026-08-13 01:36:40,804 [INFO]   Fold 1: RMSLE=0.37299 | MAE=84.52 | BestIter=2999
2026-08-13 01:36:40,804 [INFO] 
  Average RMSLE : 0.36065
2026-08-13 01:36:40,804 [INFO]   Average MAE   : 77.37
2026-08-13 01:36:40,804 [INFO]   Average Best Iteration: 2999
2026-08-13 01:36:40,804 [INFO] ============================================================
2026-08-13 01:36:40,805 [INFO] >>> Saved metrics to E:\nic\SIC-AI-PROJECT-\models\metrics.json
2026-08-13 01:36:40,805 [INFO] 
>>> Training FINAL model on FULL 2 YEARS data (874,052 samples)...
2026-08-13 01:36:41,465 [INFO]     Training with n_estimators=2999
2026-08-13 01:37:27,566 [INFO] >>> Training complete!
2026-08-13 01:38:07,439 [INFO] >>> Loading data...
2026-08-13 01:38:07,614 [INFO] >>> Engineering features...
2026-08-13 01:38:09,068 [WARNING] Data has only 592 days, expected ~730 days (2 years)
2026-08-13 01:38:09,068 [INFO] >>> Building preprocessor...
2026-08-13 01:38:09,073 [INFO] >>> Walk-forward config: 3 folds, val=28 days, min_train=365 days
2026-08-13 01:38:09,196 [INFO]     Train samples: 745,797 | Val samples: 42,977
2026-08-13 01:38:44,785 [INFO]     RMSLE: 0.36049 | MAE: 75.99 | Best iter: 2999
2026-08-13 01:38:44,922 [INFO]     Train samples: 788,774 | Val samples: 42,736
2026-08-13 01:38:57,202 [INFO] >>> Loading data...
2026-08-13 01:38:57,443 [INFO] >>> Engineering features...
2026-08-13 01:38:58,962 [INFO] >>> Data date range: 2016-01-01 -> 2017-08-15 (592 days)
2026-08-13 01:38:58,962 [WARNING] WARNING: Data has only 592 days, expected ~730 days (2 years)
2026-08-13 01:38:58,962 [INFO] >>> Building preprocessor...
2026-08-13 01:38:58,967 [INFO] >>> Total data span: 593 days (2016-01-01 -> 2017-08-15)
2026-08-13 01:38:58,967 [INFO] >>> Walk-forward config: 3 folds, val=28 days, min_train=365 days
2026-08-13 01:38:58,974 [INFO]     Fold 1: train 2016-01-01 -> 2017-07-18 (565d) | val 2017-07-19 -> 2017-08-15 (28d)
2026-08-13 01:38:58,979 [INFO]     Fold 2: train 2016-01-01 -> 2017-06-20 (537d) | val 2017-06-21 -> 2017-07-18 (28d)
2026-08-13 01:38:58,986 [INFO]     Fold 3: train 2016-01-01 -> 2017-05-23 (509d) | val 2017-05-24 -> 2017-06-20 (28d)
2026-08-13 01:38:58,986 [INFO] >>> Total walk-forward folds: 3

2026-08-13 01:38:58,986 [INFO] ===== Fold 3/3 | Val: 2017-05-24 -> 2017-06-20 =====
2026-08-13 01:38:59,077 [INFO]     Train samples: 745,797 | Val samples: 42,977
2026-08-13 01:39:32,002 [INFO]     RMSLE: 0.36049 | MAE: 75.99 | Best iter: 2999
2026-08-13 01:39:32,002 [INFO] ===== Fold 2/3 | Val: 2017-06-21 -> 2017-07-18 =====
2026-08-13 01:39:32,117 [INFO]     Train samples: 788,774 | Val samples: 42,736
2026-08-13 01:40:06,177 [INFO]     RMSLE: 0.34848 | MAE: 71.61 | Best iter: 3000
2026-08-13 01:40:06,177 [INFO] ===== Fold 1/3 | Val: 2017-07-19 -> 2017-08-15 =====
2026-08-13 01:40:06,340 [INFO]     Train samples: 831,510 | Val samples: 42,542
2026-08-13 01:40:41,629 [INFO]     RMSLE: 0.37299 | MAE: 84.52 | Best iter: 2999
2026-08-13 01:40:41,629 [INFO] 
============================================================
2026-08-13 01:40:41,629 [INFO] WALK-FORWARD SUMMARY (2-Year Data)
2026-08-13 01:40:41,629 [INFO] ============================================================
2026-08-13 01:40:41,629 [INFO]   Fold 3: RMSLE=0.36049 | MAE=75.99 | BestIter=2999
2026-08-13 01:40:41,629 [INFO]   Fold 2: RMSLE=0.34848 | MAE=71.61 | BestIter=3000
2026-08-13 01:40:41,629 [INFO]   Fold 1: RMSLE=0.37299 | MAE=84.52 | BestIter=2999
2026-08-13 01:40:41,629 [INFO] 
  Average RMSLE : 0.36065
2026-08-13 01:40:41,629 [INFO]   Average MAE   : 77.37
2026-08-13 01:40:41,629 [INFO]   Average Best Iteration: 2999
2026-08-13 01:40:41,630 [INFO] ============================================================
2026-08-13 01:40:41,630 [INFO] >>> Saved metrics to E:\nic\SIC-AI-PROJECT-\models\metrics.json
2026-08-13 01:40:41,631 [INFO] 
>>> Training FINAL model on FULL 2 YEARS data (874,052 samples)...
2026-08-13 01:40:42,519 [INFO]     Training with n_estimators=2999
2026-08-13 01:40:42,522 [INFO]     Date range: 2016-01-01 -> 2017-08-15
2026-08-13 01:41:24,364 [INFO] 
>>> Saved model         -> E:\nic\SIC-AI-PROJECT-\models\lgbm_model.pkl
2026-08-13 01:41:24,364 [INFO] >>> Saved preprocessor  -> E:\nic\SIC-AI-PROJECT-\models\preprocessor.pkl
2026-08-13 01:41:24,364 [INFO] >>> Training complete!
2026-08-13 01:43:19,031 [INFO] >>> Loading data and engineering features...
2026-08-13 01:43:21,047 [INFO] >>> Data date range: 2016-01-01 -> 2017-08-15 (592 days)
2026-08-13 01:43:21,047 [WARNING] WARNING: Data has only 592 days, expected ~730 days
2026-08-13 01:43:21,053 [INFO] >>> Walk-forward config: 3 folds, val=28 days, min_train=365 days
2026-08-13 01:43:21,080 [INFO] >>> Total walk-forward folds: 3

2026-08-13 01:43:21,081 [INFO] ===== Fold 3/3 | Val: 2017-05-24 -> 2017-06-20 =====
2026-08-13 01:43:57,869 [INFO]     RMSLE: 0.36049 | MAE: 75.99 | Best iter: 2999
2026-08-13 01:43:57,869 [INFO] ===== Fold 2/3 | Val: 2017-06-21 -> 2017-07-18 =====
2026-08-13 01:51:06,370 [INFO] >>> Loading data and engineering features...
2026-08-13 01:51:07,933 [INFO] >>> Data date range: 2016-01-01 -> 2017-08-15 (592 days)
2026-08-13 01:51:07,934 [WARNING] WARNING: Data has only 592 days, expected ~730 days
2026-08-13 01:51:07,938 [INFO] >>> Walk-forward config: 3 folds, val=28 days, min_train=365 days
2026-08-13 01:51:07,954 [INFO] >>> Total walk-forward folds: 3

2026-08-13 01:51:07,954 [INFO] ===== Fold 3/3 | Val: 2017-05-24 -> 2017-06-20 =====
2026-08-13 01:57:06,032 [INFO] >>> Loading data and engineering features...
2026-08-13 01:57:07,862 [INFO] >>> Data date range: 2016-01-01 -> 2017-08-15 (592 days)
2026-08-13 01:57:07,862 [WARNING] WARNING: Data has only 592 days, expected ~730 days
2026-08-13 01:57:07,868 [INFO] >>> Walk-forward config: 3 folds, val=28d, min_train=365d
2026-08-13 01:57:07,892 [INFO] >>> Total walk-forward folds: 3

2026-08-13 01:57:07,892 [INFO] ===== Fold 3/3 | Val: 2017-05-24 -> 2017-06-20 =====
2026-08-13 01:57:08,011 [INFO]     Train: 745,797 samples (2016-01-01→2017-05-23, 509d)
2026-08-13 01:57:08,011 [INFO]     Val:   42,977 samples (2017-05-24→2017-06-20, 28d)
